<html>
<body>
<pre>
<h1>µVision Build Log</h1>
<h2>Tool Versions:</h2>
IDE-Version: ¦ÌVision V5.27.1.0
Copyright (C) 2019 ARM Ltd and ARM Germany GmbH. All rights reserved.
License Information: 1 Administrator, 1, LIC=9WSKC-7NYPZ-CX3U6-DZINN-FI8F8-N95FT
 
Tool Versions:
Toolchain:       MDK-ARM Plus  Version: 5.27.1.0
Toolchain Path:  D:\keil_pack\mdk_v5\ARM\ARMCC\Bin
C Compiler:      Armcc.exe V5.06 update 6 (build 750)
Assembler:       Armasm.exe V5.06 update 6 (build 750)
Linker/Locator:  ArmLink.exe V5.06 update 6 (build 750)
Library Manager: ArmAr.exe V5.06 update 6 (build 750)
Hex Converter:   FromElf.exe V5.06 update 6 (build 750)
CPU DLL:         SARMCM3.DLL V5.27.1.0
Dialog DLL:      DCM.DLL V1.17.2.0
Target DLL:      UL2CM3.DLL V1.162.15.0
Dialog DLL:      TCM.DLL V1.36.1.0
 
<h2>Project:</h2>
D:\Personal\Desktop\gd_project\gdf103\GPIO\MDK\GPIO.uvprojx
Project File Date:  08/01/2024

<h2>Output:</h2>
*** Using Compiler 'V5.06 update 6 (build 750)', folder: 'D:\keil_pack\mdk_v5\ARM\ARMCC\Bin'
Rebuild target 'Target 1'
assembling startup_gd32f10x_md.s...
compiling system_gd32f10x.c...
compiling gd32f10x_crc.c...
compiling gd32f10x_bkp.c...
compiling gd32f10x_dac.c...
compiling gd32f10x_adc.c...
compiling gd32f10x_can.c...
compiling gd32f10x_dbg.c...
compiling gd32f10x_enet.c...
compiling gd32f10x_exti.c...
compiling gd32f10x_dma.c...
compiling gd32f10x_exmc.c...
compiling gd32f10x_fwdgt.c...
compiling gd32f10x_gpio.c...
compiling gd32f10x_fmc.c...
compiling gd32f10x_misc.c...
compiling gd32f10x_i2c.c...
compiling gd32f10x_pmu.c...
compiling gd32f10x_rtc.c...
compiling gd32f10x_rcu.c...
compiling gd32f10x_spi.c...
compiling gd32f10x_sdio.c...
compiling gd32f10x_wwdgt.c...
compiling gd32f10x_it.c...
compiling main.c...
compiling gd32f10x_usart.c...
compiling systick.c...
compiling gd32f103c_eval.c...
compiling gd32f10x_timer.c...
linking...
Program Size: Code=1352 RO-data=292 RW-data=8 ZI-data=1632  
".\Objects\GPIO.axf" - 0 Error(s), 0 Warning(s).

<h2>Software Packages used:</h2>

Package Vendor: GigaDevice
                http://gd32mcu.com/data/documents/pack/GigaDevice.GD32F10x_DFP.2.0.2.pack
                GigaDevice.GD32F10x_DFP.2.0.2
                GigaDevice GD32F10x Series Device Support and Examples

<h2>Collection of Component include folders:</h2>
  .\RTE\_Target_1
  D:\keil_pack\mdk_v5\pack\GigaDevice\GD32F10x_DFP\2.0.2\Device\Include

<h2>Collection of Component Files used:</h2>
Build Time Elapsed:  00:00:02
</pre>
</body>
</html>
